// Jest Snapshot v1, https://goo.gl/fbAQLP

exports[`EmptyState matches the snapshot 1`] = `
<View
  style={
    {
      "alignItems": "center",
      "justifyContent": "center",
      "padding": 32,
    }
  }
>
  <View
    style={
      {
        "alignItems": "center",
        "backgroundColor": "#EEF2FF",
        "borderRadius": 44,
        "height": 88,
        "justifyContent": "center",
        "marginBottom": 16,
        "width": 88,
      }
    }
  >
    <Text
      allowFontScaling={false}
      selectable={false}
      style={
        [
          {
            "color": "#4F46E5",
            "fontSize": 40,
          },
          undefined,
          {
            "fontFamily": "ionicons",
            "fontStyle": "normal",
            "fontWeight": "normal",
          },
          {},
        ]
      }
    >
      
    </Text>
  </View>
  <Text
    style={
      {
        "color": "#0F172A",
        "fontSize": 17,
        "fontWeight": "600",
        "marginBottom": 4,
        "textAlign": "center",
      }
    }
  >
    No expenses yet
  </Text>
  <Text
    style={
      {
        "color": "#64748B",
        "fontSize": 15,
        "textAlign": "center",
      }
    }
  >
    Tap + to add one.
  </Text>
</View>
`;
